// Vitest Snapshot v1, https://vitest.dev/guide/snapshot.html

exports[`Address > display address with default format 1`] = `
<div
  class="ant-space css-dev-only-do-not-override-djtmh8 ant-space-horizontal ant-space-align-center ant-space-gap-row-small ant-space-gap-col-small ant-web3-address css-dev-only-do-not-override-djtmh8"
>
  <div
    class="ant-space-item"
  >
    <span
      class="ant-web3-address-text"
    >
      0x 21CD f097 4d53 a6e9 6eF0 5d7B 324a 9803 735f Fd3B
    </span>
  </div>
</div>
`;
